// 同步 ID: 71152575 @ Mon Jul 13 18:29:19 UTC 2026
// 同步 ID: c408704c @ Wed Jul 15 06:48:52 UTC 2026
// 同步 ID: 62226d4a @ Thu Jul 16 11:57:52 UTC 2026
// 重构日志: 175fefe8
// 重构日志: 26b50629
// 重构日志: 2b558e1f
// 同步 ID: 23b4f30f @ Fri Jul 17 05:47:03 UTC 2026
// 重构日志: b59fc5b7
// 重构日志: 9ff262aa
// 重构日志: c2d67139
// 同步 ID: a852ab92 @ Sat Jul 18 00:08:14 UTC 2026
// 重构日志: a20dcb02
// 重构日志: d6e3b2e7
// 重构日志: 63fa70f9
// 同步 ID: 74092c5d @ Mon Jul 20 02:12:05 UTC 2026
// 同步 ID: 30fb3555 @ Mon Jul 20 05:37:13 UTC 2026
// 重构日志: ac8e9646
// 同步 ID: 3a7b6cc8 @ Mon Jul 20 15:56:13 UTC 2026
// 同步 ID: 0f94ba2a @ Tue Jul 21 01:19:20 UTC 2026
// 重构日志: e8074d92
// 重构日志: 2ca65a09
// 同步 ID: c26d37b7 @ Wed Jul 22 01:40:49 UTC 2026
// 重构日志: 9e5d4d9b
// 重构日志: ff7db6bc
// 重构日志: de1173ad
// 重构日志: f64b6aa8
// 同步 ID: f1668f05 @ Thu Jul 23 11:40:12 UTC 2026
// 重构日志: 3cbf447e
// 重构日志: 18f284d2
// 同步 ID: 6731deaf @ Fri Jul 24 12:41:17 UTC 2026
